main.c:141:5:main	24	static
main.c:475:6:SystemClock_Config	88	static
main.c:520:13:MX_ADC1_Init	24	static
main.c:570:13:MX_SPI3_Init	8	static
main.c:608:13:MX_TIM3_Init	32	static
main.c:653:13:MX_TIM11_Init	8	static
main.c:684:13:MX_USART2_UART_Init	8	static
main.c:715:13:MX_DMA_Init	16	static
main.c:733:13:MX_GPIO_Init	48	static
main.c:785:6:MCP4922SetOutput	24	static
main.c:792:6:HAL_SPI_TxCpltCallback	16	static
main.c:800:6:HAL_TIM_PeriodElapsedCallback	24	static
main.c:808:17:micros	12	static
main.c:813:9:UARTRecieveIT	16	static
main.c:825:6:HAL_UART_RxCpltCallback	16	static
main.c:833:6:Print_Menu_Saw	496	static
main.c:860:6:Print_Menu_Sin	432	static
main.c:884:6:Print_Menu_Squ	536	static
main.c:912:6:Print_fq	16	static
main.c:923:6:Print_Error	40	static
main.c:936:6:Error_Handler	4	static,ignoring_inline_asm
