main.c:149:5:main	24	static
main.c:501:6:SystemClock_Config	88	static
main.c:546:13:MX_ADC1_Init	24	static
main.c:596:13:MX_SPI3_Init	8	static
main.c:634:13:MX_TIM3_Init	32	static
main.c:679:13:MX_TIM11_Init	8	static
main.c:710:13:MX_USART2_UART_Init	8	static
main.c:741:13:MX_DMA_Init	16	static
main.c:759:13:MX_GPIO_Init	48	static
main.c:811:6:MCP4922SetOutput	24	static
main.c:818:6:HAL_SPI_TxCpltCallback	16	static
main.c:826:6:HAL_TIM_PeriodElapsedCallback	24	static
main.c:834:17:micros	12	static
main.c:839:9:UARTRecieveIT	16	static
main.c:851:6:HAL_UART_RxCpltCallback	16	static
main.c:859:6:Print_Menu_Saw	504	static
main.c:886:6:Print_Menu_Sin	448	static
main.c:910:6:Print_Menu_Squ	544	static
main.c:938:6:Print_fq	16	static
main.c:949:6:Print_Error	40	static
main.c:955:6:Print_Slope	48	static
main.c:970:6:Print_Duty	8	static
main.c:976:6:Print_Volt	32	static
main.c:990:6:Error_Handler	4	static,ignoring_inline_asm
